Matrix is empty
Matrix is empty
Matrix is empty
Matrix is empty
Matrix is empty
Matrix is empty
Matrix is empty
Matrix is empty
Matrix is empty
Matrix is empty
Matrix is empty
Matrix is empty
Matrix is empty
Matrix is empty
Matrix is empty
Matrix is empty
Matrix is empty
Matrix is empty
Matrix is empty
Matrix is empty
Matrix is empty
Matrix is empty
Matrix is empty
Matrix is empty
Matrix is empty
Matrix is empty
Matrix is empty
Matrix is empty
Matrix is empty
Matrix is empty
Matrix is empty
Matrix is empty
Matrix is empty
Matrix is empty
Matrix is empty
Matrix is empty
Matrix is empty
Matrix is empty
Matrix is empty
Matrix is empty
Matrix is empty
Matrix is empty
Matrix is empty
Matrix is empty
Matrix is empty
Matrix is empty
Matrix is empty
Matrix is empty
Matrix is empty
Matrix is empty
Matrix is empty
Matrix is empty
Matrix is empty
Matrix is empty
Matrix is empty
Matrix is empty
Matrix is empty
Matrix is empty
Matrix is empty
Matrix is empty
Matrix is empty
Matrix is empty
Matrix is empty
Matrix is empty
Matrix is empty
Matrix is empty
Matrix is empty
Matrix is empty
Matrix is empty
Matrix is empty
Matrix is empty
Matrix is empty
Matrix is empty
Matrix is empty
Matrix is empty
Matrix is empty
Matrix is empty
Matrix is empty
Matrix is empty
Matrix is empty
Matrix is empty
Matrix is empty
Matrix is empty
Matrix is empty
Matrix is empty
Matrix is empty
Matrix is empty
Matrix is empty
Matrix is empty
Matrix is empty
Matrix is empty
Matrix is empty
Matrix is empty
Matrix is empty
Matrix is empty
Matrix is empty
Matrix is empty
Matrix is empty
Matrix is empty
Matrix is empty
Matrix is empty
Matrix is empty
Matrix is empty
Matrix is empty
Matrix is empty
Matrix is empty
Matrix is empty
Matrix is empty
Matrix is empty
Matrix is empty
Matrix is empty
Matrix is empty
Matrix is empty
Matrix is empty
Matrix is empty
Matrix is empty
Matrix is empty
Matrix is empty
Matrix is empty
Matrix is empty
Matrix is empty
Matrix is empty
Matrix is empty
Matrix is empty
Matrix is empty
Matrix is empty
Matrix is empty
Matrix is empty
Matrix is empty
Matrix is empty
Matrix is empty
Matrix is empty
Matrix is empty
Matrix is empty
Matrix is empty
Matrix is empty
Matrix is empty
Matrix is empty
Matrix is empty
Matrix is empty
Matrix is empty
Matrix is empty
Matrix is empty
Matrix is empty
Matrix is empty
Matrix is empty
Matrix is empty
Matrix is empty
Matrix is empty
Matrix is empty
Matrix is empty
Matrix is empty
Matrix is empty
Matrix is empty
Matrix is empty
Matrix is empty
Matrix is empty
Matrix is empty
Matrix is empty
Matrix is empty
Matrix is empty
Matrix is empty
Matrix is empty
Matrix is empty
Matrix is empty
Matrix is empty
Matrix is empty
Matrix is empty
Matrix is empty
Matrix is empty
Matrix is empty
Matrix is empty
Matrix is empty
Matrix is empty
Matrix is empty
Matrix is empty
Matrix is empty
Matrix is empty
Matrix is empty
Matrix is empty
Matrix is empty
Matrix is empty
Matrix is empty
Matrix is empty
Matrix is empty
Matrix is empty
Matrix is empty
Matrix is empty
Matrix is empty
Matrix is empty
Matrix is empty
Matrix is empty
Matrix is empty
Matrix is empty
Matrix is empty
Matrix is empty
Matrix is empty
Matrix is empty
Matrix is empty
Matrix is empty
Matrix is empty
Matrix is empty
Matrix is empty
Matrix is empty
Matrix is empty
Matrix is empty
Matrix is empty
Matrix is empty
Matrix is empty
Matrix is empty
Matrix is empty
Matrix is empty
Matrix is empty
Matrix is empty
Matrix is empty
Matrix is empty
Matrix is empty
Matrix is empty
Matrix is empty
Matrix is empty
Matrix is empty
Matrix is empty
Matrix is empty
Matrix is empty
Matrix is empty
Matrix is empty
Matrix is empty
Matrix is empty
Matrix is empty
Matrix is empty
Matrix is empty
Matrix is empty
Matrix is empty
Matrix is empty
Matrix is empty
Matrix is empty
Matrix is empty
Matrix is empty
Matrix is empty
Matrix is empty
Matrix is empty
Matrix is empty
Matrix is empty
Matrix is empty
Matrix is empty
Matrix is empty
Matrix is empty
Matrix is empty
Matrix is empty
Matrix is empty
Matrix is empty
Matrix is empty
Matrix is empty
Matrix is empty
Matrix is empty
Matrix is empty
Matrix is empty
Matrix is empty
Matrix is empty
Matrix is empty
Matrix is empty
Matrix is empty
Matrix is empty
Matrix is empty
Matrix is empty
Matrix is empty
Matrix is empty
Matrix is empty
Matrix is empty
Matrix is empty
Matrix is empty
Matrix is empty
Matrix is empty
Matrix is empty
Matrix is empty
Matrix is empty
Matrix is empty
Matrix is empty
Matrix is empty
Matrix is empty
Matrix is empty
Matrix is empty
Matrix is empty
Matrix is empty
Matrix is empty
Matrix is empty
Matrix is empty
Matrix is empty
Matrix is empty
Matrix is empty
Matrix is empty
Matrix is empty
Matrix is empty
Matrix is empty
Matrix is empty
Matrix is empty
Matrix is empty
Matrix is empty
Matrix is empty
Matrix is empty
Matrix is empty
Matrix is empty
Matrix is empty
Matrix is empty
Matrix is empty
Matrix is empty
Matrix is empty
Matrix is empty
Matrix is empty
Matrix is empty
Matrix is empty
Matrix is empty
Matrix is empty
Matrix is empty
Matrix is empty
Matrix is empty
Matrix is empty
Matrix is empty
Matrix is empty
Matrix is empty
Matrix is empty
Matrix is empty
